2026-09-06 11:29:43,013 - aqt.helper - DEBUG - helper 25456 Attempt to download checksum at https://download.qt.io/online/qtsdkrepository/windows_x86/desktop/qt6_683/qt6_683/Updates.xml.sha256
2026-09-06 11:29:51,969 - aqt.helper - DEBUG - helper 20528 Attempt to download checksum at https://download.qt.io/online/qtsdkrepository/windows_x86/desktop/qt6_683/qt6_683/Updates.xml.sha256
2026-09-06 11:29:53,582 - aqt.helper - DEBUG - helper 20528 Attempt to download checksum at https://download.qt.io/online/qtsdkrepository/windows_x86/extensions/qtpdf/683/msvc2022_64/Updates.xml.sha256
2026-09-06 11:29:54,931 - aqt.helper - DEBUG - helper 20528 Attempt to download checksum at https://download.qt.io/online/qtsdkrepository/windows_x86/extensions/qtwebengine/683/msvc2022_64/Updates.xml.sha256
2026-09-06 11:30:12,078 - aqt.main - INFO - installer 28812 aqtinstall(aqt) v3.3.0 on Python 3.14.7 [CPython MSC v.1944 64 bit (AMD64)]
2026-09-06 11:30:12,078 - aqt.helper - DEBUG - helper 28812 Attempt to download checksum at https://download.qt.io/online/qtsdkrepository/windows_x86/desktop/qt6_683/qt6_683/Updates.xml.sha256
2026-09-06 11:30:13,680 - aqt.helper - DEBUG - helper 28812 Attempt to download checksum at https://download.qt.io/online/qtsdkrepository/windows_x86/extensions/qtwebengine/683/msvc2022_64/Updates.xml.sha256
2026-09-06 11:30:15,033 - aqt.archives - INFO - archives 28812 Found extension qtwebengine
2026-09-06 11:30:15,033 - aqt.helper - DEBUG - helper 28812 Attempt to download checksum at https://download.qt.io/online/qtsdkrepository/windows_x86/extensions/qtpdf/683/msvc2022_64/Updates.xml.sha256
2026-09-06 11:30:16,446 - aqt.archives - INFO - archives 28812 Found extension qtpdf
2026-09-06 11:30:16,714 - aqt.helper - DEBUG - helper 27408 Attempt to download checksum at https://download.qt.io/online/qtsdkrepository/windows_x86/desktop/qt6_683/qt6_683/qt.qt6.683.win64_msvc2022_64/6.8.3-0-202503201308qtsvg-Windows-Windows_11_23H2-MSVC2022-Windows-Windows_11_23H2-X86_64.7z.sha256

2026-09-06 11:30:16,716 - aqt.helper - DEBUG - helper 8032 Attempt to download checksum at https://download.qt.io/online/qtsdkrepository/windows_x86/desktop/qt6_683/qt6_683/qt.qt6.683.win64_msvc2022_64/6.8.3-0-202503201308qtdeclarative-Windows-Windows_11_23H2-MSVC2022-Windows-Windows_11_23H2-X86_64.7z.sha256
2026-09-06 11:30:16,719 - aqt.helper - DEBUG - helper 24128 Attempt to download checksum at https://download.qt.io/online/qtsdkrepository/windows_x86/desktop/qt6_683/qt6_683/qt.qt6.683.win64_msvc2022_64/6.8.3-0-202503201308qttools-Windows-Windows_11_23H2-MSVC2022-Windows-Windows_11_23H2-X86_64.7z.sha256
2026-09-06 11:30:17,466 - aqt.helper - INFO - helper 27408 Downloading qtsvg...
2026-09-06 11:30:17,467 - aqt.helper - INFO - helper 8032 Downloading qtdeclarative...
2026-09-06 11:30:17,466 - aqt.installer - DEBUG - installer 27408 Download URL: https://download.qt.io/online/qtsdkrepository/windows_x86/desktop/qt6_683/qt6_683/qt.qt6.683.win64_msvc2022_64/6.8.3-0-202503201308qtsvg-Windows-Windows_11_23H2-MSVC2022-Windows-Windows_11_23H2-X86_64.7z
2026-09-06 11:30:17,467 - aqt.installer - DEBUG - installer 8032 Download URL: https://download.qt.io/online/qtsdkrepository/windows_x86/desktop/qt6_683/qt6_683/qt.qt6.683.win64_msvc2022_64/6.8.3-0-202503201308qtdeclarative-Windows-Windows_11_23H2-MSVC2022-Windows-Windows_11_23H2-X86_64.7z
2026-09-06 11:30:17,482 - aqt.helper - INFO - helper 24112 Downloading qtbase...
2026-09-06 11:30:17,482 - aqt.helper - INFO - helper 24128 Downloading qttools...
2026-09-06 11:30:17,482 - aqt.installer - DEBUG - installer 24112 Download URL: https://download.qt.io/online/qtsdkrepository/windows_x86/desktop/qt6_683/qt6_683/qt.qt6.683.win64_msvc2022_64/6.8.3-0-202503201308qtbase-Windows-Windows_11_23H2-MSVC2022-Windows-Windows_11_23H2-X86_64.7z
2026-09-06 11:30:17,482 - aqt.installer - DEBUG - installer 24128 Download URL: https://download.qt.io/online/qtsdkrepository/windows_x86/desktop/qt6_683/qt6_683/qt.qt6.683.win64_msvc2022_64/6.8.3-0-202503201308qttools-Windows-Windows_11_23H2-MSVC2022-Windows-Windows_11_23H2-X86_64.7z
2026-09-06 11:30:18,155 - aqt.helper - DEBUG - helper 27408 Asked to redirect(302) to: https://qt.mirror.constant.com/online/qtsdkrepository/windows_x86/desktop/qt6_683/qt6_683/qt.qt6.683.win64_msvc2022_64/6.8.3-0-202503201308qtsvg-Windows-Windows_11_23H2-MSVC2022-Windows-Windows_11_23H2-X86_64.7z
2026-09-06 11:30:18,155 - aqt.helper - INFO - helper 27408 Redirected: qt.mirror.constant.com
2026-09-06 11:30:18,156 - aqt.helper - DEBUG - helper 24112 Asked to redirect(302) to: https://qt.mirror.constant.com/online/qtsdkrepository/windows_x86/desktop/qt6_683/qt6_683/qt.qt6.683.win64_msvc2022_64/6.8.3-0-202503201308qtbase-Windows-Windows_11_23H2-MSVC2022-Windows-Windows_11_23H2-X86_64.7z
2026-09-06 11:30:18,156 - aqt.helper - INFO - helper 24112 Redirected: qt.mirror.constant.com
2026-09-06 11:30:18,156 - aqt.helper - DEBUG - helper 24128 Asked to redirect(302) to: https://qt.mirror.constant.com/online/qtsdkrepository/windows_x86/desktop/qt6_683/qt6_683/qt.qt6.683.win64_msvc2022_64/6.8.3-0-202503201308qttools-Windows-Windows_11_23H2-MSVC2022-Windows-Windows_11_23H2-X86_64.7z
2026-09-06 11:30:18,157 - aqt.helper - INFO - helper 24128 Redirected: qt.mirror.constant.com
2026-09-06 11:30:18,171 - aqt.helper - DEBUG - helper 8032 Asked to redirect(302) to: https://qt.mirror.constant.com/online/qtsdkrepository/windows_x86/desktop/qt6_683/qt6_683/qt.qt6.683.win64_msvc2022_64/6.8.3-0-202503201308qtdeclarative-Windows-Windows_11_23H2-MSVC2022-Windows-Windows_11_23H2-X86_64.7z
2026-09-06 11:30:18,171 - aqt.helper - INFO - helper 8032 Redirected: qt.mirror.constant.com
2026-09-06 11:30:18,959 - aqt.installer - INFO - installer 27408 Finished installation of qtsvg-Windows-Windows_11_23H2-MSVC2022-Windows-Windows_11_23H2-X86_64.7z in 2.24564720
2026-09-06 11:30:18,967 - aqt.helper - DEBUG - helper 27408 Attempt to download checksum at https://download.qt.io/online/qtsdkrepository/windows_x86/desktop/qt6_683/qt6_683/qt.qt6.683.win64_msvc2022_64/6.8.3-0-202503201308qttranslations-Windows-Windows_11_23H2-MSVC2022-Windows-Windows_11_23H2-X86_64.7z.sha256
2026-09-06 11:30:19,838 - aqt.helper - INFO - helper 27408 Downloading qttranslations...
2026-09-06 11:30:19,838 - aqt.installer - DEBUG - installer 27408 Download URL: https://download.qt.io/online/qtsdkrepository/windows_x86/desktop/qt6_683/qt6_683/qt.qt6.683.win64_msvc2022_64/6.8.3-0-202503201308qttranslations-Windows-Windows_11_23H2-MSVC2022-Windows-Windows_11_23H2-X86_64.7z
2026-09-06 11:30:20,566 - aqt.helper - DEBUG - helper 27408 Asked to redirect(302) to: https://qt.mirror.constant.com/online/qtsdkrepository/windows_x86/desktop/qt6_683/qt6_683/qt.qt6.683.win64_msvc2022_64/6.8.3-0-202503201308qttranslations-Windows-Windows_11_23H2-MSVC2022-Windows-Windows_11_23H2-X86_64.7z
2026-09-06 11:30:20,566 - aqt.helper - INFO - helper 27408 Redirected: qt.mirror.constant.com
2026-09-06 11:30:21,341 - aqt.installer - INFO - installer 24128 Finished installation of qttools-Windows-Windows_11_23H2-MSVC2022-Windows-Windows_11_23H2-X86_64.7z in 4.62374540
2026-09-06 11:30:21,350 - aqt.helper - DEBUG - helper 24128 Attempt to download checksum at https://download.qt.io/online/qtsdkrepository/windows_x86/desktop/qt6_683/qt6_683/qt.qt6.683.win64_msvc2022_64/6.8.3-0-202503201308d3dcompiler_47-x64.7z.sha256
2026-09-06 11:30:21,597 - aqt.installer - INFO - installer 27408 Finished installation of qttranslations-Windows-Windows_11_23H2-MSVC2022-Windows-Windows_11_23H2-X86_64.7z in 2.63093940
2026-09-06 11:30:21,606 - aqt.helper - DEBUG - helper 27408 Attempt to download checksum at https://download.qt.io/online/qtsdkrepository/windows_x86/desktop/qt6_683/qt6_683/qt.qt6.683.win64_msvc2022_64/6.8.3-0-202503201308opengl32sw-64-mesa_11_2_2-signed_sha256.7z.sha256
2026-09-06 11:30:22,087 - aqt.helper - INFO - helper 24128 Downloading d3dcompiler_47...
2026-09-06 11:30:22,087 - aqt.installer - DEBUG - installer 24128 Download URL: https://download.qt.io/online/qtsdkrepository/windows_x86/desktop/qt6_683/qt6_683/qt.qt6.683.win64_msvc2022_64/6.8.3-0-202503201308d3dcompiler_47-x64.7z
2026-09-06 11:30:22,280 - aqt.helper - INFO - helper 27408 Downloading opengl32sw...
2026-09-06 11:30:22,280 - aqt.installer - DEBUG - installer 27408 Download URL: https://download.qt.io/online/qtsdkrepository/windows_x86/desktop/qt6_683/qt6_683/qt.qt6.683.win64_msvc2022_64/6.8.3-0-202503201308opengl32sw-64-mesa_11_2_2-signed_sha256.7z
2026-09-06 11:30:22,779 - aqt.helper - DEBUG - helper 24128 Asked to redirect(302) to: https://qt.mirror.constant.com/online/qtsdkrepository/windows_x86/desktop/qt6_683/qt6_683/qt.qt6.683.win64_msvc2022_64/6.8.3-0-202503201308d3dcompiler_47-x64.7z
2026-09-06 11:30:22,779 - aqt.helper - INFO - helper 24128 Redirected: qt.mirror.constant.com
2026-09-06 11:30:22,957 - aqt.helper - DEBUG - helper 27408 Asked to redirect(302) to: https://qt.mirror.constant.com/online/qtsdkrepository/windows_x86/desktop/qt6_683/qt6_683/qt.qt6.683.win64_msvc2022_64/6.8.3-0-202503201308opengl32sw-64-mesa_11_2_2-signed_sha256.7z
2026-09-06 11:30:22,957 - aqt.helper - INFO - helper 27408 Redirected: qt.mirror.constant.com
2026-09-06 11:30:23,510 - aqt.installer - INFO - installer 24128 Finished installation of d3dcompiler_47-x64.7z in 2.16114640
2026-09-06 11:30:24,025 - aqt.installer - INFO - installer 27408 Finished installation of opengl32sw-64-mesa_11_2_2-signed_sha256.7z in 2.41978560
2026-09-06 11:30:24,948 - aqt.installer - INFO - installer 24112 Finished installation of qtbase-Windows-Windows_11_23H2-MSVC2022-Windows-Windows_11_23H2-X86_64.7z in 8.23507400
2026-09-06 11:30:33,419 - aqt.installer - INFO - installer 8032 Finished installation of qtdeclarative-Windows-Windows_11_23H2-MSVC2022-Windows-Windows_11_23H2-X86_64.7z in 16.70379870
2026-09-06 11:30:33,582 - aqt.updater - INFO - updater 28812 Patching C:\Qt\6.8.3\msvc2022_64\bin\qmake.exe
2026-09-06 11:30:33,585 - aqt.updater - INFO - updater 28812 Patching C:\Qt\6.8.3\msvc2022_64\lib\Qt6Concurrent.prl
2026-09-06 11:30:33,586 - aqt.updater - INFO - updater 28812 Patching C:\Qt\6.8.3\msvc2022_64\lib\Qt6Concurrentd.prl
2026-09-06 11:30:33,586 - aqt.updater - INFO - updater 28812 Patching C:\Qt\6.8.3\msvc2022_64\lib\Qt6Core.prl
2026-09-06 11:30:33,586 - aqt.updater - INFO - updater 28812 Patching C:\Qt\6.8.3\msvc2022_64\lib\Qt6Cored.prl
2026-09-06 11:30:33,587 - aqt.updater - INFO - updater 28812 Patching C:\Qt\6.8.3\msvc2022_64\lib\Qt6DBus.prl
2026-09-06 11:30:33,587 - aqt.updater - INFO - updater 28812 Patching C:\Qt\6.8.3\msvc2022_64\lib\Qt6DBusd.prl
2026-09-06 11:30:33,587 - aqt.updater - INFO - updater 28812 Patching C:\Qt\6.8.3\msvc2022_64\lib\Qt6Designer.prl
2026-09-06 11:30:33,587 - aqt.updater - INFO - updater 28812 Patching C:\Qt\6.8.3\msvc2022_64\lib\Qt6DesignerComponents.prl
2026-09-06 11:30:33,588 - aqt.updater - INFO - updater 28812 Patching C:\Qt\6.8.3\msvc2022_64\lib\Qt6DesignerComponentsd.prl
2026-09-06 11:30:33,588 - aqt.updater - INFO - updater 28812 Patching C:\Qt\6.8.3\msvc2022_64\lib\Qt6Designerd.prl
2026-09-06 11:30:33,588 - aqt.updater - INFO - updater 28812 Patching C:\Qt\6.8.3\msvc2022_64\lib\Qt6DeviceDiscoverySupport.prl
2026-09-06 11:30:33,589 - aqt.updater - INFO - updater 28812 Patching C:\Qt\6.8.3\msvc2022_64\lib\Qt6DeviceDiscoverySupportd.prl
2026-09-06 11:30:33,589 - aqt.updater - INFO - updater 28812 Patching C:\Qt\6.8.3\msvc2022_64\lib\Qt6EntryPoint.prl
2026-09-06 11:30:33,589 - aqt.updater - INFO - updater 28812 Patching C:\Qt\6.8.3\msvc2022_64\lib\Qt6EntryPointd.prl
2026-09-06 11:30:33,590 - aqt.updater - INFO - updater 28812 Patching C:\Qt\6.8.3\msvc2022_64\lib\Qt6ExampleIcons.prl
2026-09-06 11:30:33,590 - aqt.updater - INFO - updater 28812 Patching C:\Qt\6.8.3\msvc2022_64\lib\Qt6ExampleIconsd.prl
2026-09-06 11:30:33,590 - aqt.updater - INFO - updater 28812 Patching C:\Qt\6.8.3\msvc2022_64\lib\Qt6ExamplesAssetDownloader.prl
2026-09-06 11:30:33,591 - aqt.updater - INFO - updater 28812 Patching C:\Qt\6.8.3\msvc2022_64\lib\Qt6ExamplesAssetDownloaderd.prl
2026-09-06 11:30:33,591 - aqt.updater - INFO - updater 28812 Patching C:\Qt\6.8.3\msvc2022_64\lib\Qt6FbSupport.prl
2026-09-06 11:30:33,591 - aqt.updater - INFO - updater 28812 Patching C:\Qt\6.8.3\msvc2022_64\lib\Qt6FbSupportd.prl
2026-09-06 11:30:33,592 - aqt.updater - INFO - updater 28812 Patching C:\Qt\6.8.3\msvc2022_64\lib\Qt6Gui.prl
2026-09-06 11:30:33,592 - aqt.updater - INFO - updater 28812 Patching C:\Qt\6.8.3\msvc2022_64\lib\Qt6Guid.prl
2026-09-06 11:30:33,592 - aqt.updater - INFO - updater 28812 Patching C:\Qt\6.8.3\msvc2022_64\lib\Qt6Help.prl
2026-09-06 11:30:33,592 - aqt.updater - INFO - updater 28812 Patching C:\Qt\6.8.3\msvc2022_64\lib\Qt6Helpd.prl
2026-09-06 11:30:33,593 - aqt.updater - INFO - updater 28812 Patching C:\Qt\6.8.3\msvc2022_64\lib\Qt6LabsAnimation.prl
2026-09-06 11:30:33,593 - aqt.updater - INFO - updater 28812 Patching C:\Qt\6.8.3\msvc2022_64\lib\Qt6LabsAnimationd.prl
2026-09-06 11:30:33,593 - aqt.updater - INFO - updater 28812 Patching C:\Qt\6.8.3\msvc2022_64\lib\Qt6LabsFolderListModel.prl
2026-09-06 11:30:33,594 - aqt.updater - INFO - updater 28812 Patching C:\Qt\6.8.3\msvc2022_64\lib\Qt6LabsFolderListModeld.prl
2026-09-06 11:30:33,594 - aqt.updater - INFO - updater 28812 Patching C:\Qt\6.8.3\msvc2022_64\lib\Qt6LabsPlatform.prl
2026-09-06 11:30:33,595 - aqt.updater - INFO - updater 28812 Patching C:\Qt\6.8.3\msvc2022_64\lib\Qt6LabsPlatformd.prl
2026-09-06 11:30:33,595 - aqt.updater - INFO - updater 28812 Patching C:\Qt\6.8.3\msvc2022_64\lib\Qt6LabsQmlModels.prl
2026-09-06 11:30:33,595 - aqt.updater - INFO - updater 28812 Patching C:\Qt\6.8.3\msvc2022_64\lib\Qt6LabsQmlModelsd.prl
2026-09-06 11:30:33,596 - aqt.updater - INFO - updater 28812 Patching C:\Qt\6.8.3\msvc2022_64\lib\Qt6LabsSettings.prl
2026-09-06 11:30:33,596 - aqt.updater - INFO - updater 28812 Patching C:\Qt\6.8.3\msvc2022_64\lib\Qt6LabsSettingsd.prl
2026-09-06 11:30:33,596 - aqt.updater - INFO - updater 28812 Patching C:\Qt\6.8.3\msvc2022_64\lib\Qt6LabsSharedImage.prl
2026-09-06 11:30:33,597 - aqt.updater - INFO - updater 28812 Patching C:\Qt\6.8.3\msvc2022_64\lib\Qt6LabsSharedImaged.prl
2026-09-06 11:30:33,597 - aqt.updater - INFO - updater 28812 Patching C:\Qt\6.8.3\msvc2022_64\lib\Qt6LabsWavefrontMesh.prl
2026-09-06 11:30:33,597 - aqt.updater - INFO - updater 28812 Patching C:\Qt\6.8.3\msvc2022_64\lib\Qt6LabsWavefrontMeshd.prl
2026-09-06 11:30:33,598 - aqt.updater - INFO - updater 28812 Patching C:\Qt\6.8.3\msvc2022_64\lib\Qt6Network.prl
2026-09-06 11:30:33,598 - aqt.updater - INFO - updater 28812 Patching C:\Qt\6.8.3\msvc2022_64\lib\Qt6Networkd.prl
2026-09-06 11:30:33,598 - aqt.updater - INFO - updater 28812 Patching C:\Qt\6.8.3\msvc2022_64\lib\Qt6OpenGL.prl
2026-09-06 11:30:33,599 - aqt.updater - INFO - updater 28812 Patching C:\Qt\6.8.3\msvc2022_64\lib\Qt6OpenGLd.prl
2026-09-06 11:30:33,599 - aqt.updater - INFO - updater 28812 Patching C:\Qt\6.8.3\msvc2022_64\lib\Qt6OpenGLWidgets.prl
2026-09-06 11:30:33,599 - aqt.updater - INFO - updater 28812 Patching C:\Qt\6.8.3\msvc2022_64\lib\Qt6OpenGLWidgetsd.prl
2026-09-06 11:30:33,600 - aqt.updater - INFO - updater 28812 Patching C:\Qt\6.8.3\msvc2022_64\lib\Qt6PacketProtocol.prl
2026-09-06 11:30:33,600 - aqt.updater - INFO - updater 28812 Patching C:\Qt\6.8.3\msvc2022_64\lib\Qt6PacketProtocold.prl
2026-09-06 11:30:33,600 - aqt.updater - INFO - updater 28812 Patching C:\Qt\6.8.3\msvc2022_64\lib\Qt6PrintSupport.prl
2026-09-06 11:30:33,600 - aqt.updater - INFO - updater 28812 Patching C:\Qt\6.8.3\msvc2022_64\lib\Qt6PrintSupportd.prl
2026-09-06 11:30:33,601 - aqt.updater - INFO - updater 28812 Patching C:\Qt\6.8.3\msvc2022_64\lib\Qt6Qml.prl
2026-09-06 11:30:33,601 - aqt.updater - INFO - updater 28812 Patching C:\Qt\6.8.3\msvc2022_64\lib\Qt6QmlAssetDownloader.prl
2026-09-06 11:30:33,601 - aqt.updater - INFO - updater 28812 Patching C:\Qt\6.8.3\msvc2022_64\lib\Qt6QmlAssetDownloaderd.prl
2026-09-06 11:30:33,602 - aqt.updater - INFO - updater 28812 Patching C:\Qt\6.8.3\msvc2022_64\lib\Qt6QmlCompiler.prl
2026-09-06 11:30:33,602 - aqt.updater - INFO - updater 28812 Patching C:\Qt\6.8.3\msvc2022_64\lib\Qt6QmlCompilerd.prl
2026-09-06 11:30:33,602 - aqt.updater - INFO - updater 28812 Patching C:\Qt\6.8.3\msvc2022_64\lib\Qt6QmlCore.prl
2026-09-06 11:30:33,603 - aqt.updater - INFO - updater 28812 Patching C:\Qt\6.8.3\msvc2022_64\lib\Qt6QmlCored.prl
2026-09-06 11:30:33,603 - aqt.updater - INFO - updater 28812 Patching C:\Qt\6.8.3\msvc2022_64\lib\Qt6Qmld.prl
2026-09-06 11:30:33,603 - aqt.updater - INFO - updater 28812 Patching C:\Qt\6.8.3\msvc2022_64\lib\Qt6QmlDebug.prl
2026-09-06 11:30:33,604 - aqt.updater - INFO - updater 28812 Patching C:\Qt\6.8.3\msvc2022_64\lib\Qt6QmlDebugd.prl
2026-09-06 11:30:33,604 - aqt.updater - INFO - updater 28812 Patching C:\Qt\6.8.3\msvc2022_64\lib\Qt6QmlDom.prl
2026-09-06 11:30:33,604 - aqt.updater - INFO - updater 28812 Patching C:\Qt\6.8.3\msvc2022_64\lib\Qt6QmlDomd.prl
2026-09-06 11:30:33,605 - aqt.updater - INFO - updater 28812 Patching C:\Qt\6.8.3\msvc2022_64\lib\Qt6QmlLocalStorage.prl
2026-09-06 11:30:33,605 - aqt.updater - INFO - updater 28812 Patching C:\Qt\6.8.3\msvc2022_64\lib\Qt6QmlLocalStoraged.prl
2026-09-06 11:30:33,605 - aqt.updater - INFO - updater 28812 Patching C:\Qt\6.8.3\msvc2022_64\lib\Qt6QmlLS.prl
2026-09-06 11:30:33,606 - aqt.updater - INFO - updater 28812 Patching C:\Qt\6.8.3\msvc2022_64\lib\Qt6QmlLSd.prl
2026-09-06 11:30:33,606 - aqt.updater - INFO - updater 28812 Patching C:\Qt\6.8.3\msvc2022_64\lib\Qt6QmlMeta.prl
2026-09-06 11:30:33,606 - aqt.updater - INFO - updater 28812 Patching C:\Qt\6.8.3\msvc2022_64\lib\Qt6QmlMetad.prl
2026-09-06 11:30:33,607 - aqt.updater - INFO - updater 28812 Patching C:\Qt\6.8.3\msvc2022_64\lib\Qt6QmlModels.prl
2026-09-06 11:30:33,607 - aqt.updater - INFO - updater 28812 Patching C:\Qt\6.8.3\msvc2022_64\lib\Qt6QmlModelsd.prl
2026-09-06 11:30:33,607 - aqt.updater - INFO - updater 28812 Patching C:\Qt\6.8.3\msvc2022_64\lib\Qt6QmlNetwork.prl
2026-09-06 11:30:33,607 - aqt.updater - INFO - updater 28812 Patching C:\Qt\6.8.3\msvc2022_64\lib\Qt6QmlNetworkd.prl
2026-09-06 11:30:33,608 - aqt.updater - INFO - updater 28812 Patching C:\Qt\6.8.3\msvc2022_64\lib\Qt6QmlToolingSettings.prl
2026-09-06 11:30:33,608 - aqt.updater - INFO - updater 28812 Patching C:\Qt\6.8.3\msvc2022_64\lib\Qt6QmlToolingSettingsd.prl
2026-09-06 11:30:33,608 - aqt.updater - INFO - updater 28812 Patching C:\Qt\6.8.3\msvc2022_64\lib\Qt6QmlTypeRegistrar.prl
2026-09-06 11:30:33,609 - aqt.updater - INFO - updater 28812 Patching C:\Qt\6.8.3\msvc2022_64\lib\Qt6QmlTypeRegistrard.prl
2026-09-06 11:30:33,609 - aqt.updater - INFO - updater 28812 Patching C:\Qt\6.8.3\msvc2022_64\lib\Qt6QmlWorkerScript.prl
2026-09-06 11:30:33,609 - aqt.updater - INFO - updater 28812 Patching C:\Qt\6.8.3\msvc2022_64\lib\Qt6QmlWorkerScriptd.prl
2026-09-06 11:30:33,610 - aqt.updater - INFO - updater 28812 Patching C:\Qt\6.8.3\msvc2022_64\lib\Qt6QmlXmlListModel.prl
2026-09-06 11:30:33,610 - aqt.updater - INFO - updater 28812 Patching C:\Qt\6.8.3\msvc2022_64\lib\Qt6QmlXmlListModeld.prl
2026-09-06 11:30:33,610 - aqt.updater - INFO - updater 28812 Patching C:\Qt\6.8.3\msvc2022_64\lib\Qt6Quick.prl
2026-09-06 11:30:33,611 - aqt.updater - INFO - updater 28812 Patching C:\Qt\6.8.3\msvc2022_64\lib\Qt6QuickControls2.prl
2026-09-06 11:30:33,611 - aqt.updater - INFO - updater 28812 Patching C:\Qt\6.8.3\msvc2022_64\lib\Qt6QuickControls2Basic.prl
2026-09-06 11:30:33,611 - aqt.updater - INFO - updater 28812 Patching C:\Qt\6.8.3\msvc2022_64\lib\Qt6QuickControls2Basicd.prl
2026-09-06 11:30:33,611 - aqt.updater - INFO - updater 28812 Patching C:\Qt\6.8.3\msvc2022_64\lib\Qt6QuickControls2BasicStyleImpl.prl
2026-09-06 11:30:33,612 - aqt.updater - INFO - updater 28812 Patching C:\Qt\6.8.3\msvc2022_64\lib\Qt6QuickControls2BasicStyleImpld.prl
2026-09-06 11:30:33,612 - aqt.updater - INFO - updater 28812 Patching C:\Qt\6.8.3\msvc2022_64\lib\Qt6QuickControls2d.prl
2026-09-06 11:30:33,612 - aqt.updater - INFO - updater 28812 Patching C:\Qt\6.8.3\msvc2022_64\lib\Qt6QuickControls2FluentWinUI3StyleImpl.prl
2026-09-06 11:30:33,613 - aqt.updater - INFO - updater 28812 Patching C:\Qt\6.8.3\msvc2022_64\lib\Qt6QuickControls2FluentWinUI3StyleImpld.prl
2026-09-06 11:30:33,613 - aqt.updater - INFO - updater 28812 Patching C:\Qt\6.8.3\msvc2022_64\lib\Qt6QuickControls2Fusion.prl
2026-09-06 11:30:33,613 - aqt.updater - INFO - updater 28812 Patching C:\Qt\6.8.3\msvc2022_64\lib\Qt6QuickControls2Fusiond.prl
2026-09-06 11:30:33,614 - aqt.updater - INFO - updater 28812 Patching C:\Qt\6.8.3\msvc2022_64\lib\Qt6QuickControls2FusionStyleImpl.prl
2026-09-06 11:30:33,614 - aqt.updater - INFO - updater 28812 Patching C:\Qt\6.8.3\msvc2022_64\lib\Qt6QuickControls2FusionStyleImpld.prl
2026-09-06 11:30:33,614 - aqt.updater - INFO - updater 28812 Patching C:\Qt\6.8.3\msvc2022_64\lib\Qt6QuickControls2Imagine.prl
2026-09-06 11:30:33,614 - aqt.updater - INFO - updater 28812 Patching C:\Qt\6.8.3\msvc2022_64\lib\Qt6QuickControls2Imagined.prl
2026-09-06 11:30:33,615 - aqt.updater - INFO - updater 28812 Patching C:\Qt\6.8.3\msvc2022_64\lib\Qt6QuickControls2ImagineStyleImpl.prl
2026-09-06 11:30:33,615 - aqt.updater - INFO - updater 28812 Patching C:\Qt\6.8.3\msvc2022_64\lib\Qt6QuickControls2ImagineStyleImpld.prl
2026-09-06 11:30:33,615 - aqt.updater - INFO - updater 28812 Patching C:\Qt\6.8.3\msvc2022_64\lib\Qt6QuickControls2Impl.prl
2026-09-06 11:30:33,616 - aqt.updater - INFO - updater 28812 Patching C:\Qt\6.8.3\msvc2022_64\lib\Qt6QuickControls2Impld.prl
2026-09-06 11:30:33,616 - aqt.updater - INFO - updater 28812 Patching C:\Qt\6.8.3\msvc2022_64\lib\Qt6QuickControls2Material.prl
2026-09-06 11:30:33,616 - aqt.updater - INFO - updater 28812 Patching C:\Qt\6.8.3\msvc2022_64\lib\Qt6QuickControls2Materiald.prl
2026-09-06 11:30:33,617 - aqt.updater - INFO - updater 28812 Patching C:\Qt\6.8.3\msvc2022_64\lib\Qt6QuickControls2MaterialStyleImpl.prl
2026-09-06 11:30:33,617 - aqt.updater - INFO - updater 28812 Patching C:\Qt\6.8.3\msvc2022_64\lib\Qt6QuickControls2MaterialStyleImpld.prl
2026-09-06 11:30:33,617 - aqt.updater - INFO - updater 28812 Patching C:\Qt\6.8.3\msvc2022_64\lib\Qt6QuickControls2Universal.prl
2026-09-06 11:30:33,617 - aqt.updater - INFO - updater 28812 Patching C:\Qt\6.8.3\msvc2022_64\lib\Qt6QuickControls2Universald.prl
2026-09-06 11:30:33,618 - aqt.updater - INFO - updater 28812 Patching C:\Qt\6.8.3\msvc2022_64\lib\Qt6QuickControls2UniversalStyleImpl.prl
2026-09-06 11:30:33,618 - aqt.updater - INFO - updater 28812 Patching C:\Qt\6.8.3\msvc2022_64\lib\Qt6QuickControls2UniversalStyleImpld.prl
2026-09-06 11:30:33,618 - aqt.updater - INFO - updater 28812 Patching C:\Qt\6.8.3\msvc2022_64\lib\Qt6QuickControls2WindowsStyleImpl.prl
2026-09-06 11:30:33,619 - aqt.updater - INFO - updater 28812 Patching C:\Qt\6.8.3\msvc2022_64\lib\Qt6QuickControls2WindowsStyleImpld.prl
2026-09-06 11:30:33,619 - aqt.updater - INFO - updater 28812 Patching C:\Qt\6.8.3\msvc2022_64\lib\Qt6QuickControlsTestUtils.prl
2026-09-06 11:30:33,619 - aqt.updater - INFO - updater 28812 Patching C:\Qt\6.8.3\msvc2022_64\lib\Qt6QuickControlsTestUtilsd.prl
2026-09-06 11:30:33,620 - aqt.updater - INFO - updater 28812 Patching C:\Qt\6.8.3\msvc2022_64\lib\Qt6Quickd.prl
2026-09-06 11:30:33,620 - aqt.updater - INFO - updater 28812 Patching C:\Qt\6.8.3\msvc2022_64\lib\Qt6QuickDialogs2.prl
2026-09-06 11:30:33,620 - aqt.updater - INFO - updater 28812 Patching C:\Qt\6.8.3\msvc2022_64\lib\Qt6QuickDialogs2d.prl
2026-09-06 11:30:33,621 - aqt.updater - INFO - updater 28812 Patching C:\Qt\6.8.3\msvc2022_64\lib\Qt6QuickDialogs2QuickImpl.prl
2026-09-06 11:30:33,621 - aqt.updater - INFO - updater 28812 Patching C:\Qt\6.8.3\msvc2022_64\lib\Qt6QuickDialogs2QuickImpld.prl
2026-09-06 11:30:33,621 - aqt.updater - INFO - updater 28812 Patching C:\Qt\6.8.3\msvc2022_64\lib\Qt6QuickDialogs2Utils.prl
2026-09-06 11:30:33,621 - aqt.updater - INFO - updater 28812 Patching C:\Qt\6.8.3\msvc2022_64\lib\Qt6QuickDialogs2Utilsd.prl
2026-09-06 11:30:33,622 - aqt.updater - INFO - updater 28812 Patching C:\Qt\6.8.3\msvc2022_64\lib\Qt6QuickEffects.prl
2026-09-06 11:30:33,622 - aqt.updater - INFO - updater 28812 Patching C:\Qt\6.8.3\msvc2022_64\lib\Qt6QuickEffectsd.prl
2026-09-06 11:30:33,622 - aqt.updater - INFO - updater 28812 Patching C:\Qt\6.8.3\msvc2022_64\lib\Qt6QuickLayouts.prl
2026-09-06 11:30:33,623 - aqt.updater - INFO - updater 28812 Patching C:\Qt\6.8.3\msvc2022_64\lib\Qt6QuickLayoutsd.prl
2026-09-06 11:30:33,623 - aqt.updater - INFO - updater 28812 Patching C:\Qt\6.8.3\msvc2022_64\lib\Qt6QuickParticles.prl
2026-09-06 11:30:33,623 - aqt.updater - INFO - updater 28812 Patching C:\Qt\6.8.3\msvc2022_64\lib\Qt6QuickParticlesd.prl
2026-09-06 11:30:33,623 - aqt.updater - INFO - updater 28812 Patching C:\Qt\6.8.3\msvc2022_64\lib\Qt6QuickShapes.prl
2026-09-06 11:30:33,624 - aqt.updater - INFO - updater 28812 Patching C:\Qt\6.8.3\msvc2022_64\lib\Qt6QuickShapesd.prl
2026-09-06 11:30:33,624 - aqt.updater - INFO - updater 28812 Patching C:\Qt\6.8.3\msvc2022_64\lib\Qt6QuickTemplates2.prl
2026-09-06 11:30:33,624 - aqt.updater - INFO - updater 28812 Patching C:\Qt\6.8.3\msvc2022_64\lib\Qt6QuickTemplates2d.prl
2026-09-06 11:30:33,625 - aqt.updater - INFO - updater 28812 Patching C:\Qt\6.8.3\msvc2022_64\lib\Qt6QuickTest.prl
2026-09-06 11:30:33,625 - aqt.updater - INFO - updater 28812 Patching C:\Qt\6.8.3\msvc2022_64\lib\Qt6QuickTestd.prl
2026-09-06 11:30:33,625 - aqt.updater - INFO - updater 28812 Patching C:\Qt\6.8.3\msvc2022_64\lib\Qt6QuickTestUtils.prl
2026-09-06 11:30:33,626 - aqt.updater - INFO - updater 28812 Patching C:\Qt\6.8.3\msvc2022_64\lib\Qt6QuickTestUtilsd.prl
2026-09-06 11:30:33,626 - aqt.updater - INFO - updater 28812 Patching C:\Qt\6.8.3\msvc2022_64\lib\Qt6QuickVectorImage.prl
2026-09-06 11:30:33,626 - aqt.updater - INFO - updater 28812 Patching C:\Qt\6.8.3\msvc2022_64\lib\Qt6QuickVectorImaged.prl
2026-09-06 11:30:33,627 - aqt.updater - INFO - updater 28812 Patching C:\Qt\6.8.3\msvc2022_64\lib\Qt6QuickVectorImageGenerator.prl
2026-09-06 11:30:33,627 - aqt.updater - INFO - updater 28812 Patching C:\Qt\6.8.3\msvc2022_64\lib\Qt6QuickVectorImageGeneratord.prl
2026-09-06 11:30:33,627 - aqt.updater - INFO - updater 28812 Patching C:\Qt\6.8.3\msvc2022_64\lib\Qt6QuickWidgets.prl
2026-09-06 11:30:33,627 - aqt.updater - INFO - updater 28812 Patching C:\Qt\6.8.3\msvc2022_64\lib\Qt6QuickWidgetsd.prl
2026-09-06 11:30:33,628 - aqt.updater - INFO - updater 28812 Patching C:\Qt\6.8.3\msvc2022_64\lib\Qt6Sql.prl
2026-09-06 11:30:33,628 - aqt.updater - INFO - updater 28812 Patching C:\Qt\6.8.3\msvc2022_64\lib\Qt6Sqld.prl
2026-09-06 11:30:33,628 - aqt.updater - INFO - updater 28812 Patching C:\Qt\6.8.3\msvc2022_64\lib\Qt6Svg.prl
2026-09-06 11:30:33,629 - aqt.updater - INFO - updater 28812 Patching C:\Qt\6.8.3\msvc2022_64\lib\Qt6Svgd.prl
2026-09-06 11:30:33,629 - aqt.updater - INFO - updater 28812 Patching C:\Qt\6.8.3\msvc2022_64\lib\Qt6SvgWidgets.prl
2026-09-06 11:30:33,629 - aqt.updater - INFO - updater 28812 Patching C:\Qt\6.8.3\msvc2022_64\lib\Qt6SvgWidgetsd.prl
2026-09-06 11:30:33,629 - aqt.updater - INFO - updater 28812 Patching C:\Qt\6.8.3\msvc2022_64\lib\Qt6Test.prl
2026-09-06 11:30:33,630 - aqt.updater - INFO - updater 28812 Patching C:\Qt\6.8.3\msvc2022_64\lib\Qt6Testd.prl
2026-09-06 11:30:33,630 - aqt.updater - INFO - updater 28812 Patching C:\Qt\6.8.3\msvc2022_64\lib\Qt6UiTools.prl
2026-09-06 11:30:33,630 - aqt.updater - INFO - updater 28812 Patching C:\Qt\6.8.3\msvc2022_64\lib\Qt6UiToolsd.prl
2026-09-06 11:30:33,631 - aqt.updater - INFO - updater 28812 Patching C:\Qt\6.8.3\msvc2022_64\lib\Qt6Widgets.prl
2026-09-06 11:30:33,631 - aqt.updater - INFO - updater 28812 Patching C:\Qt\6.8.3\msvc2022_64\lib\Qt6Widgetsd.prl
2026-09-06 11:30:33,631 - aqt.updater - INFO - updater 28812 Patching C:\Qt\6.8.3\msvc2022_64\lib\Qt6Xml.prl
2026-09-06 11:30:33,632 - aqt.updater - INFO - updater 28812 Patching C:\Qt\6.8.3\msvc2022_64\lib\Qt6Xmld.prl
2026-09-06 11:30:33,632 - aqt.main - INFO - installer 28812 Finished installation
2026-09-06 11:30:33,632 - aqt.main - INFO - installer 28812 Time elapsed: 21.55427790 second
2026-09-08 16:35:20,862 - aqt.main - INFO - installer 26208 aqtinstall(aqt) v3.3.0 on Python 3.14.7 [CPython MSC v.1944 64 bit (AMD64)]
2026-09-08 16:35:20,863 - aqt.helper - DEBUG - helper 26208 Attempt to download checksum at https://download.qt.io/online/qtsdkrepository/windows_x86/desktop/qt6_683/qt6_683/Updates.xml.sha256
2026-09-08 16:35:22,971 - aqt.helper - DEBUG - helper 26208 Attempt to download checksum at https://download.qt.io/online/qtsdkrepository/windows_x86/extensions/qtwebengine/683/msvc2022_64/Updates.xml.sha256
2026-09-08 16:35:24,847 - aqt.archives - INFO - archives 26208 Found extension qtwebengine
2026-09-08 16:35:24,847 - aqt.helper - DEBUG - helper 26208 Attempt to download checksum at https://download.qt.io/online/qtsdkrepository/windows_x86/extensions/qtpdf/683/msvc2022_64/Updates.xml.sha256
2026-09-08 16:35:26,643 - aqt.archives - INFO - archives 26208 Found extension qtpdf
2026-09-08 16:35:26,914 - aqt.helper - DEBUG - helper 27848 Attempt to download checksum at https://download.qt.io/online/qtsdkrepository/windows_x86/desktop/qt6_683/qt6_683/qt.qt6.683.addons.qtmultimedia.win64_msvc2022_64/6.8.3-0-202503201308qtmultimedia-Windows-Windows_11_23H2-MSVC2022-Windows-Windows_11_23H2-X86_64.7z.sha256
2026-09-08 16:35:26,914 - aqt.helper - DEBUG - helper 3568 Attempt to download checksum at https://download.qt.io/online/qtsdkrepository/windows_x86/desktop/qt6_683/qt6_683/qt.qt6.683.win64_msvc2022_64/6.8.3-0-202503201308qtbase-Windows-Windows_11_23H2-MSVC2022-Windows-Windows_11_23H2-X86_64.7z.sha256
2026-09-08 16:35:26,914 - aqt.helper - DEBUG - helper 19920 Attempt to download checksum at https://download.qt.io/online/qtsdkrepository/windows_x86/desktop/qt6_683/qt6_683/qt.qt6.683.win64_msvc2022_64/6.8.3-0-202503201308qtsvg-Windows-Windows_11_23H2-MSVC2022-Windows-Windows_11_23H2-X86_64.7z.sha256
2026-09-08 16:35:26,914 - aqt.helper - DEBUG - helper 23696 Attempt to download checksum at https://download.qt.io/online/qtsdkrepository/windows_x86/desktop/qt6_683/qt6_683/qt.qt6.683.win64_msvc2022_64/6.8.3-0-202503201308qtdeclarative-Windows-Windows_11_23H2-MSVC2022-Windows-Windows_11_23H2-X86_64.7z.sha256
2026-09-08 16:35:27,831 - aqt.helper - INFO - helper 27848 Downloading qtmultimedia...
2026-09-08 16:35:27,831 - aqt.installer - DEBUG - installer 27848 Download URL: https://download.qt.io/online/qtsdkrepository/windows_x86/desktop/qt6_683/qt6_683/qt.qt6.683.addons.qtmultimedia.win64_msvc2022_64/6.8.3-0-202503201308qtmultimedia-Windows-Windows_11_23H2-MSVC2022-Windows-Windows_11_23H2-X86_64.7z
2026-09-08 16:35:27,858 - aqt.helper - INFO - helper 3568 Downloading qtbase...
2026-09-08 16:35:27,858 - aqt.installer - DEBUG - installer 3568 Download URL: https://download.qt.io/online/qtsdkrepository/windows_x86/desktop/qt6_683/qt6_683/qt.qt6.683.win64_msvc2022_64/6.8.3-0-202503201308qtbase-Windows-Windows_11_23H2-MSVC2022-Windows-Windows_11_23H2-X86_64.7z
2026-09-08 16:35:27,878 - aqt.helper - INFO - helper 23696 Downloading qtdeclarative...
2026-09-08 16:35:27,879 - aqt.installer - DEBUG - installer 23696 Download URL: https://download.qt.io/online/qtsdkrepository/windows_x86/desktop/qt6_683/qt6_683/qt.qt6.683.win64_msvc2022_64/6.8.3-0-202503201308qtdeclarative-Windows-Windows_11_23H2-MSVC2022-Windows-Windows_11_23H2-X86_64.7z
2026-09-08 16:35:27,883 - aqt.helper - INFO - helper 19920 Downloading qtsvg...
2026-09-08 16:35:27,883 - aqt.installer - DEBUG - installer 19920 Download URL: https://download.qt.io/online/qtsdkrepository/windows_x86/desktop/qt6_683/qt6_683/qt.qt6.683.win64_msvc2022_64/6.8.3-0-202503201308qtsvg-Windows-Windows_11_23H2-MSVC2022-Windows-Windows_11_23H2-X86_64.7z
2026-09-08 16:35:28,812 - aqt.helper - DEBUG - helper 27848 Asked to redirect(302) to: https://qt.mirror.constant.com/online/qtsdkrepository/windows_x86/desktop/qt6_683/qt6_683/qt.qt6.683.addons.qtmultimedia.win64_msvc2022_64/6.8.3-0-202503201308qtmultimedia-Windows-Windows_11_23H2-MSVC2022-Windows-Windows_11_23H2-X86_64.7z
2026-09-08 16:35:28,812 - aqt.helper - INFO - helper 27848 Redirected: qt.mirror.constant.com
2026-09-08 16:35:28,826 - aqt.helper - DEBUG - helper 3568 Asked to redirect(302) to: https://qt.mirror.constant.com/online/qtsdkrepository/windows_x86/desktop/qt6_683/qt6_683/qt.qt6.683.win64_msvc2022_64/6.8.3-0-202503201308qtbase-Windows-Windows_11_23H2-MSVC2022-Windows-Windows_11_23H2-X86_64.7z
2026-09-08 16:35:28,826 - aqt.helper - INFO - helper 3568 Redirected: qt.mirror.constant.com
2026-09-08 16:35:28,865 - aqt.helper - DEBUG - helper 23696 Asked to redirect(302) to: https://qt.mirror.constant.com/online/qtsdkrepository/windows_x86/desktop/qt6_683/qt6_683/qt.qt6.683.win64_msvc2022_64/6.8.3-0-202503201308qtdeclarative-Windows-Windows_11_23H2-MSVC2022-Windows-Windows_11_23H2-X86_64.7z
2026-09-08 16:35:28,865 - aqt.helper - INFO - helper 23696 Redirected: qt.mirror.constant.com
2026-09-08 16:35:28,895 - aqt.helper - DEBUG - helper 19920 Asked to redirect(302) to: https://qt.mirror.constant.com/online/qtsdkrepository/windows_x86/desktop/qt6_683/qt6_683/qt.qt6.683.win64_msvc2022_64/6.8.3-0-202503201308qtsvg-Windows-Windows_11_23H2-MSVC2022-Windows-Windows_11_23H2-X86_64.7z
2026-09-08 16:35:28,895 - aqt.helper - INFO - helper 19920 Redirected: qt.mirror.constant.com
2026-09-08 16:35:29,594 - aqt.installer - INFO - installer 19920 Finished installation of qtsvg-Windows-Windows_11_23H2-MSVC2022-Windows-Windows_11_23H2-X86_64.7z in 2.68106680
2026-09-08 16:35:29,602 - aqt.helper - DEBUG - helper 19920 Attempt to download checksum at https://download.qt.io/online/qtsdkrepository/windows_x86/desktop/qt6_683/qt6_683/qt.qt6.683.win64_msvc2022_64/6.8.3-0-202503201308qttools-Windows-Windows_11_23H2-MSVC2022-Windows-Windows_11_23H2-X86_64.7z.sha256
2026-09-08 16:35:30,960 - aqt.helper - INFO - helper 19920 Downloading qttools...
2026-09-08 16:35:30,960 - aqt.installer - DEBUG - installer 19920 Download URL: https://download.qt.io/online/qtsdkrepository/windows_x86/desktop/qt6_683/qt6_683/qt.qt6.683.win64_msvc2022_64/6.8.3-0-202503201308qttools-Windows-Windows_11_23H2-MSVC2022-Windows-Windows_11_23H2-X86_64.7z
2026-09-08 16:35:32,060 - aqt.helper - DEBUG - helper 19920 Asked to redirect(302) to: https://qt.mirror.constant.com/online/qtsdkrepository/windows_x86/desktop/qt6_683/qt6_683/qt.qt6.683.win64_msvc2022_64/6.8.3-0-202503201308qttools-Windows-Windows_11_23H2-MSVC2022-Windows-Windows_11_23H2-X86_64.7z
2026-09-08 16:35:32,061 - aqt.helper - INFO - helper 19920 Redirected: qt.mirror.constant.com
2026-09-08 16:35:33,962 - aqt.installer - INFO - installer 27848 Finished installation of qtmultimedia-Windows-Windows_11_23H2-MSVC2022-Windows-Windows_11_23H2-X86_64.7z in 7.04973520
2026-09-08 16:35:33,972 - aqt.helper - DEBUG - helper 27848 Attempt to download checksum at https://download.qt.io/online/qtsdkrepository/windows_x86/desktop/qt6_683/qt6_683/qt.qt6.683.win64_msvc2022_64/6.8.3-0-202503201308qttranslations-Windows-Windows_11_23H2-MSVC2022-Windows-Windows_11_23H2-X86_64.7z.sha256
2026-09-08 16:35:34,528 - aqt.installer - INFO - installer 19920 Finished installation of qttools-Windows-Windows_11_23H2-MSVC2022-Windows-Windows_11_23H2-X86_64.7z in 4.92760780
2026-09-08 16:35:34,540 - aqt.helper - DEBUG - helper 19920 Attempt to download checksum at https://download.qt.io/online/qtsdkrepository/windows_x86/desktop/qt6_683/qt6_683/qt.qt6.683.win64_msvc2022_64/6.8.3-0-202503201308d3dcompiler_47-x64.7z.sha256
2026-09-08 16:35:35,017 - aqt.helper - INFO - helper 27848 Downloading qttranslations...
2026-09-08 16:35:35,018 - aqt.installer - DEBUG - installer 27848 Download URL: https://download.qt.io/online/qtsdkrepository/windows_x86/desktop/qt6_683/qt6_683/qt.qt6.683.win64_msvc2022_64/6.8.3-0-202503201308qttranslations-Windows-Windows_11_23H2-MSVC2022-Windows-Windows_11_23H2-X86_64.7z
2026-09-08 16:35:35,401 - aqt.installer - INFO - installer 3568 Finished installation of qtbase-Windows-Windows_11_23H2-MSVC2022-Windows-Windows_11_23H2-X86_64.7z in 8.48823970
2026-09-08 16:35:35,412 - aqt.helper - DEBUG - helper 3568 Attempt to download checksum at https://download.qt.io/online/qtsdkrepository/windows_x86/desktop/qt6_683/qt6_683/qt.qt6.683.win64_msvc2022_64/6.8.3-0-202503201308opengl32sw-64-mesa_11_2_2-signed_sha256.7z.sha256
2026-09-08 16:35:35,432 - aqt.helper - INFO - helper 19920 Downloading d3dcompiler_47...
2026-09-08 16:35:35,432 - aqt.installer - DEBUG - installer 19920 Download URL: https://download.qt.io/online/qtsdkrepository/windows_x86/desktop/qt6_683/qt6_683/qt.qt6.683.win64_msvc2022_64/6.8.3-0-202503201308d3dcompiler_47-x64.7z
2026-09-08 16:35:36,005 - aqt.helper - DEBUG - helper 27848 Asked to redirect(302) to: https://qt.mirror.constant.com/online/qtsdkrepository/windows_x86/desktop/qt6_683/qt6_683/qt.qt6.683.win64_msvc2022_64/6.8.3-0-202503201308qttranslations-Windows-Windows_11_23H2-MSVC2022-Windows-Windows_11_23H2-X86_64.7z
2026-09-08 16:35:36,005 - aqt.helper - INFO - helper 27848 Redirected: qt.mirror.constant.com
2026-09-08 16:35:36,347 - aqt.helper - DEBUG - helper 19920 Asked to redirect(302) to: https://qt.mirror.constant.com/online/qtsdkrepository/windows_x86/desktop/qt6_683/qt6_683/qt.qt6.683.win64_msvc2022_64/6.8.3-0-202503201308d3dcompiler_47-x64.7z
2026-09-08 16:35:36,347 - aqt.helper - INFO - helper 19920 Redirected: qt.mirror.constant.com
2026-09-08 16:35:36,351 - aqt.helper - INFO - helper 3568 Downloading opengl32sw...
2026-09-08 16:35:36,351 - aqt.installer - DEBUG - installer 3568 Download URL: https://download.qt.io/online/qtsdkrepository/windows_x86/desktop/qt6_683/qt6_683/qt.qt6.683.win64_msvc2022_64/6.8.3-0-202503201308opengl32sw-64-mesa_11_2_2-signed_sha256.7z
2026-09-08 16:35:37,016 - aqt.installer - INFO - installer 27848 Finished installation of qttranslations-Windows-Windows_11_23H2-MSVC2022-Windows-Windows_11_23H2-X86_64.7z in 3.04516110
2026-09-08 16:35:37,207 - aqt.installer - INFO - installer 19920 Finished installation of d3dcompiler_47-x64.7z in 2.66865680
2026-09-08 16:35:37,386 - aqt.helper - DEBUG - helper 3568 Asked to redirect(302) to: https://qt.mirror.constant.com/online/qtsdkrepository/windows_x86/desktop/qt6_683/qt6_683/qt.qt6.683.win64_msvc2022_64/6.8.3-0-202503201308opengl32sw-64-mesa_11_2_2-signed_sha256.7z
2026-09-08 16:35:37,386 - aqt.helper - INFO - helper 3568 Redirected: qt.mirror.constant.com
2026-09-08 16:35:38,532 - aqt.installer - INFO - installer 3568 Finished installation of opengl32sw-64-mesa_11_2_2-signed_sha256.7z in 3.12174020
2026-09-08 16:35:43,977 - aqt.installer - INFO - installer 23696 Finished installation of qtdeclarative-Windows-Windows_11_23H2-MSVC2022-Windows-Windows_11_23H2-X86_64.7z in 17.06362700
2026-09-08 16:35:44,158 - aqt.updater - INFO - updater 26208 Patching C:\Qt\6.8.3\msvc2022_64\bin\qmake.exe
2026-09-08 16:35:44,161 - aqt.updater - INFO - updater 26208 Patching C:\Qt\6.8.3\msvc2022_64\lib\Qt6Concurrent.prl
2026-09-08 16:35:44,161 - aqt.updater - INFO - updater 26208 Patching C:\Qt\6.8.3\msvc2022_64\lib\Qt6Concurrentd.prl
2026-09-08 16:35:44,162 - aqt.updater - INFO - updater 26208 Patching C:\Qt\6.8.3\msvc2022_64\lib\Qt6Core.prl
2026-09-08 16:35:44,162 - aqt.updater - INFO - updater 26208 Patching C:\Qt\6.8.3\msvc2022_64\lib\Qt6Cored.prl
2026-09-08 16:35:44,162 - aqt.updater - INFO - updater 26208 Patching C:\Qt\6.8.3\msvc2022_64\lib\Qt6DBus.prl
2026-09-08 16:35:44,162 - aqt.updater - INFO - updater 26208 Patching C:\Qt\6.8.3\msvc2022_64\lib\Qt6DBusd.prl
2026-09-08 16:35:44,163 - aqt.updater - INFO - updater 26208 Patching C:\Qt\6.8.3\msvc2022_64\lib\Qt6Designer.prl
2026-09-08 16:35:44,163 - aqt.updater - INFO - updater 26208 Patching C:\Qt\6.8.3\msvc2022_64\lib\Qt6DesignerComponents.prl
2026-09-08 16:35:44,163 - aqt.updater - INFO - updater 26208 Patching C:\Qt\6.8.3\msvc2022_64\lib\Qt6DesignerComponentsd.prl
2026-09-08 16:35:44,164 - aqt.updater - INFO - updater 26208 Patching C:\Qt\6.8.3\msvc2022_64\lib\Qt6Designerd.prl
2026-09-08 16:35:44,164 - aqt.updater - INFO - updater 26208 Patching C:\Qt\6.8.3\msvc2022_64\lib\Qt6DeviceDiscoverySupport.prl
2026-09-08 16:35:44,164 - aqt.updater - INFO - updater 26208 Patching C:\Qt\6.8.3\msvc2022_64\lib\Qt6DeviceDiscoverySupportd.prl
2026-09-08 16:35:44,165 - aqt.updater - INFO - updater 26208 Patching C:\Qt\6.8.3\msvc2022_64\lib\Qt6EntryPoint.prl
2026-09-08 16:35:44,165 - aqt.updater - INFO - updater 26208 Patching C:\Qt\6.8.3\msvc2022_64\lib\Qt6EntryPointd.prl
2026-09-08 16:35:44,166 - aqt.updater - INFO - updater 26208 Patching C:\Qt\6.8.3\msvc2022_64\lib\Qt6ExampleIcons.prl
2026-09-08 16:35:44,166 - aqt.updater - INFO - updater 26208 Patching C:\Qt\6.8.3\msvc2022_64\lib\Qt6ExampleIconsd.prl
2026-09-08 16:35:44,167 - aqt.updater - INFO - updater 26208 Patching C:\Qt\6.8.3\msvc2022_64\lib\Qt6ExamplesAssetDownloader.prl
2026-09-08 16:35:44,167 - aqt.updater - INFO - updater 26208 Patching C:\Qt\6.8.3\msvc2022_64\lib\Qt6ExamplesAssetDownloaderd.prl
2026-09-08 16:35:44,167 - aqt.updater - INFO - updater 26208 Patching C:\Qt\6.8.3\msvc2022_64\lib\Qt6FbSupport.prl
2026-09-08 16:35:44,168 - aqt.updater - INFO - updater 26208 Patching C:\Qt\6.8.3\msvc2022_64\lib\Qt6FbSupportd.prl
2026-09-08 16:35:44,168 - aqt.updater - INFO - updater 26208 Patching C:\Qt\6.8.3\msvc2022_64\lib\Qt6FFmpegMediaPluginImpl.prl
2026-09-08 16:35:44,168 - aqt.updater - INFO - updater 26208 Patching C:\Qt\6.8.3\msvc2022_64\lib\Qt6FFmpegMediaPluginImpld.prl
2026-09-08 16:35:44,169 - aqt.updater - INFO - updater 26208 Patching C:\Qt\6.8.3\msvc2022_64\lib\Qt6Gui.prl
2026-09-08 16:35:44,169 - aqt.updater - INFO - updater 26208 Patching C:\Qt\6.8.3\msvc2022_64\lib\Qt6Guid.prl
2026-09-08 16:35:44,170 - aqt.updater - INFO - updater 26208 Patching C:\Qt\6.8.3\msvc2022_64\lib\Qt6Help.prl
2026-09-08 16:35:44,170 - aqt.updater - INFO - updater 26208 Patching C:\Qt\6.8.3\msvc2022_64\lib\Qt6Helpd.prl
2026-09-08 16:35:44,171 - aqt.updater - INFO - updater 26208 Patching C:\Qt\6.8.3\msvc2022_64\lib\Qt6LabsAnimation.prl
2026-09-08 16:35:44,171 - aqt.updater - INFO - updater 26208 Patching C:\Qt\6.8.3\msvc2022_64\lib\Qt6LabsAnimationd.prl
2026-09-08 16:35:44,171 - aqt.updater - INFO - updater 26208 Patching C:\Qt\6.8.3\msvc2022_64\lib\Qt6LabsFolderListModel.prl
2026-09-08 16:35:44,172 - aqt.updater - INFO - updater 26208 Patching C:\Qt\6.8.3\msvc2022_64\lib\Qt6LabsFolderListModeld.prl
2026-09-08 16:35:44,172 - aqt.updater - INFO - updater 26208 Patching C:\Qt\6.8.3\msvc2022_64\lib\Qt6LabsPlatform.prl
2026-09-08 16:35:44,172 - aqt.updater - INFO - updater 26208 Patching C:\Qt\6.8.3\msvc2022_64\lib\Qt6LabsPlatformd.prl
2026-09-08 16:35:44,173 - aqt.updater - INFO - updater 26208 Patching C:\Qt\6.8.3\msvc2022_64\lib\Qt6LabsQmlModels.prl
2026-09-08 16:35:44,173 - aqt.updater - INFO - updater 26208 Patching C:\Qt\6.8.3\msvc2022_64\lib\Qt6LabsQmlModelsd.prl
2026-09-08 16:35:44,174 - aqt.updater - INFO - updater 26208 Patching C:\Qt\6.8.3\msvc2022_64\lib\Qt6LabsSettings.prl
2026-09-08 16:35:44,174 - aqt.updater - INFO - updater 26208 Patching C:\Qt\6.8.3\msvc2022_64\lib\Qt6LabsSettingsd.prl
2026-09-08 16:35:44,174 - aqt.updater - INFO - updater 26208 Patching C:\Qt\6.8.3\msvc2022_64\lib\Qt6LabsSharedImage.prl
2026-09-08 16:35:44,175 - aqt.updater - INFO - updater 26208 Patching C:\Qt\6.8.3\msvc2022_64\lib\Qt6LabsSharedImaged.prl
2026-09-08 16:35:44,175 - aqt.updater - INFO - updater 26208 Patching C:\Qt\6.8.3\msvc2022_64\lib\Qt6LabsWavefrontMesh.prl
2026-09-08 16:35:44,176 - aqt.updater - INFO - updater 26208 Patching C:\Qt\6.8.3\msvc2022_64\lib\Qt6LabsWavefrontMeshd.prl
2026-09-08 16:35:44,176 - aqt.updater - INFO - updater 26208 Patching C:\Qt\6.8.3\msvc2022_64\lib\Qt6Multimedia.prl
2026-09-08 16:35:44,176 - aqt.updater - INFO - updater 26208 Patching C:\Qt\6.8.3\msvc2022_64\lib\Qt6Multimediad.prl
2026-09-08 16:35:44,177 - aqt.updater - INFO - updater 26208 Patching C:\Qt\6.8.3\msvc2022_64\lib\Qt6MultimediaQuick.prl
2026-09-08 16:35:44,177 - aqt.updater - INFO - updater 26208 Patching C:\Qt\6.8.3\msvc2022_64\lib\Qt6MultimediaQuickd.prl
2026-09-08 16:35:44,179 - aqt.updater - INFO - updater 26208 Patching C:\Qt\6.8.3\msvc2022_64\lib\Qt6MultimediaTestLib.prl
2026-09-08 16:35:44,180 - aqt.updater - INFO - updater 26208 Patching C:\Qt\6.8.3\msvc2022_64\lib\Qt6MultimediaTestLibd.prl
2026-09-08 16:35:44,180 - aqt.updater - INFO - updater 26208 Patching C:\Qt\6.8.3\msvc2022_64\lib\Qt6MultimediaWidgets.prl
2026-09-08 16:35:44,180 - aqt.updater - INFO - updater 26208 Patching C:\Qt\6.8.3\msvc2022_64\lib\Qt6MultimediaWidgetsd.prl
2026-09-08 16:35:44,181 - aqt.updater - INFO - updater 26208 Patching C:\Qt\6.8.3\msvc2022_64\lib\Qt6Network.prl
2026-09-08 16:35:44,181 - aqt.updater - INFO - updater 26208 Patching C:\Qt\6.8.3\msvc2022_64\lib\Qt6Networkd.prl
2026-09-08 16:35:44,184 - aqt.updater - INFO - updater 26208 Patching C:\Qt\6.8.3\msvc2022_64\lib\Qt6OpenGL.prl
2026-09-08 16:35:44,185 - aqt.updater - INFO - updater 26208 Patching C:\Qt\6.8.3\msvc2022_64\lib\Qt6OpenGLd.prl
2026-09-08 16:35:44,185 - aqt.updater - INFO - updater 26208 Patching C:\Qt\6.8.3\msvc2022_64\lib\Qt6OpenGLWidgets.prl
2026-09-08 16:35:44,185 - aqt.updater - INFO - updater 26208 Patching C:\Qt\6.8.3\msvc2022_64\lib\Qt6OpenGLWidgetsd.prl
2026-09-08 16:35:44,186 - aqt.updater - INFO - updater 26208 Patching C:\Qt\6.8.3\msvc2022_64\lib\Qt6PacketProtocol.prl
2026-09-08 16:35:44,186 - aqt.updater - INFO - updater 26208 Patching C:\Qt\6.8.3\msvc2022_64\lib\Qt6PacketProtocold.prl
2026-09-08 16:35:44,186 - aqt.updater - INFO - updater 26208 Patching C:\Qt\6.8.3\msvc2022_64\lib\Qt6PrintSupport.prl
2026-09-08 16:35:44,187 - aqt.updater - INFO - updater 26208 Patching C:\Qt\6.8.3\msvc2022_64\lib\Qt6PrintSupportd.prl
2026-09-08 16:35:44,187 - aqt.updater - INFO - updater 26208 Patching C:\Qt\6.8.3\msvc2022_64\lib\Qt6Qml.prl
2026-09-08 16:35:44,187 - aqt.updater - INFO - updater 26208 Patching C:\Qt\6.8.3\msvc2022_64\lib\Qt6QmlAssetDownloader.prl
2026-09-08 16:35:44,188 - aqt.updater - INFO - updater 26208 Patching C:\Qt\6.8.3\msvc2022_64\lib\Qt6QmlAssetDownloaderd.prl
2026-09-08 16:35:44,188 - aqt.updater - INFO - updater 26208 Patching C:\Qt\6.8.3\msvc2022_64\lib\Qt6QmlCompiler.prl
2026-09-08 16:35:44,188 - aqt.updater - INFO - updater 26208 Patching C:\Qt\6.8.3\msvc2022_64\lib\Qt6QmlCompilerd.prl
2026-09-08 16:35:44,189 - aqt.updater - INFO - updater 26208 Patching C:\Qt\6.8.3\msvc2022_64\lib\Qt6QmlCore.prl
2026-09-08 16:35:44,189 - aqt.updater - INFO - updater 26208 Patching C:\Qt\6.8.3\msvc2022_64\lib\Qt6QmlCored.prl
2026-09-08 16:35:44,189 - aqt.updater - INFO - updater 26208 Patching C:\Qt\6.8.3\msvc2022_64\lib\Qt6Qmld.prl
2026-09-08 16:35:44,190 - aqt.updater - INFO - updater 26208 Patching C:\Qt\6.8.3\msvc2022_64\lib\Qt6QmlDebug.prl
2026-09-08 16:35:44,190 - aqt.updater - INFO - updater 26208 Patching C:\Qt\6.8.3\msvc2022_64\lib\Qt6QmlDebugd.prl
2026-09-08 16:35:44,190 - aqt.updater - INFO - updater 26208 Patching C:\Qt\6.8.3\msvc2022_64\lib\Qt6QmlDom.prl
2026-09-08 16:35:44,191 - aqt.updater - INFO - updater 26208 Patching C:\Qt\6.8.3\msvc2022_64\lib\Qt6QmlDomd.prl
2026-09-08 16:35:44,191 - aqt.updater - INFO - updater 26208 Patching C:\Qt\6.8.3\msvc2022_64\lib\Qt6QmlLocalStorage.prl
2026-09-08 16:35:44,191 - aqt.updater - INFO - updater 26208 Patching C:\Qt\6.8.3\msvc2022_64\lib\Qt6QmlLocalStoraged.prl
2026-09-08 16:35:44,192 - aqt.updater - INFO - updater 26208 Patching C:\Qt\6.8.3\msvc2022_64\lib\Qt6QmlLS.prl
2026-09-08 16:35:44,192 - aqt.updater - INFO - updater 26208 Patching C:\Qt\6.8.3\msvc2022_64\lib\Qt6QmlLSd.prl
2026-09-08 16:35:44,192 - aqt.updater - INFO - updater 26208 Patching C:\Qt\6.8.3\msvc2022_64\lib\Qt6QmlMeta.prl
2026-09-08 16:35:44,192 - aqt.updater - INFO - updater 26208 Patching C:\Qt\6.8.3\msvc2022_64\lib\Qt6QmlMetad.prl
2026-09-08 16:35:44,193 - aqt.updater - INFO - updater 26208 Patching C:\Qt\6.8.3\msvc2022_64\lib\Qt6QmlModels.prl
2026-09-08 16:35:44,193 - aqt.updater - INFO - updater 26208 Patching C:\Qt\6.8.3\msvc2022_64\lib\Qt6QmlModelsd.prl
2026-09-08 16:35:44,193 - aqt.updater - INFO - updater 26208 Patching C:\Qt\6.8.3\msvc2022_64\lib\Qt6QmlNetwork.prl
2026-09-08 16:35:44,194 - aqt.updater - INFO - updater 26208 Patching C:\Qt\6.8.3\msvc2022_64\lib\Qt6QmlNetworkd.prl
2026-09-08 16:35:44,194 - aqt.updater - INFO - updater 26208 Patching C:\Qt\6.8.3\msvc2022_64\lib\Qt6QmlToolingSettings.prl
2026-09-08 16:35:44,194 - aqt.updater - INFO - updater 26208 Patching C:\Qt\6.8.3\msvc2022_64\lib\Qt6QmlToolingSettingsd.prl
2026-09-08 16:35:44,195 - aqt.updater - INFO - updater 26208 Patching C:\Qt\6.8.3\msvc2022_64\lib\Qt6QmlTypeRegistrar.prl
2026-09-08 16:35:44,195 - aqt.updater - INFO - updater 26208 Patching C:\Qt\6.8.3\msvc2022_64\lib\Qt6QmlTypeRegistrard.prl
2026-09-08 16:35:44,195 - aqt.updater - INFO - updater 26208 Patching C:\Qt\6.8.3\msvc2022_64\lib\Qt6QmlWorkerScript.prl
2026-09-08 16:35:44,195 - aqt.updater - INFO - updater 26208 Patching C:\Qt\6.8.3\msvc2022_64\lib\Qt6QmlWorkerScriptd.prl
2026-09-08 16:35:44,196 - aqt.updater - INFO - updater 26208 Patching C:\Qt\6.8.3\msvc2022_64\lib\Qt6QmlXmlListModel.prl
2026-09-08 16:35:44,196 - aqt.updater - INFO - updater 26208 Patching C:\Qt\6.8.3\msvc2022_64\lib\Qt6QmlXmlListModeld.prl
2026-09-08 16:35:44,196 - aqt.updater - INFO - updater 26208 Patching C:\Qt\6.8.3\msvc2022_64\lib\Qt6Quick.prl
2026-09-08 16:35:44,197 - aqt.updater - INFO - updater 26208 Patching C:\Qt\6.8.3\msvc2022_64\lib\Qt6Quick3DSpatialAudio.prl
2026-09-08 16:35:44,197 - aqt.updater - INFO - updater 26208 Patching C:\Qt\6.8.3\msvc2022_64\lib\Qt6Quick3DSpatialAudiod.prl
2026-09-08 16:35:44,197 - aqt.updater - INFO - updater 26208 Patching C:\Qt\6.8.3\msvc2022_64\lib\Qt6QuickControls2.prl
2026-09-08 16:35:44,198 - aqt.updater - INFO - updater 26208 Patching C:\Qt\6.8.3\msvc2022_64\lib\Qt6QuickControls2Basic.prl
2026-09-08 16:35:44,198 - aqt.updater - INFO - updater 26208 Patching C:\Qt\6.8.3\msvc2022_64\lib\Qt6QuickControls2Basicd.prl
2026-09-08 16:35:44,198 - aqt.updater - INFO - updater 26208 Patching C:\Qt\6.8.3\msvc2022_64\lib\Qt6QuickControls2BasicStyleImpl.prl
2026-09-08 16:35:44,199 - aqt.updater - INFO - updater 26208 Patching C:\Qt\6.8.3\msvc2022_64\lib\Qt6QuickControls2BasicStyleImpld.prl
2026-09-08 16:35:44,199 - aqt.updater - INFO - updater 26208 Patching C:\Qt\6.8.3\msvc2022_64\lib\Qt6QuickControls2d.prl
2026-09-08 16:35:44,199 - aqt.updater - INFO - updater 26208 Patching C:\Qt\6.8.3\msvc2022_64\lib\Qt6QuickControls2FluentWinUI3StyleImpl.prl
2026-09-08 16:35:44,200 - aqt.updater - INFO - updater 26208 Patching C:\Qt\6.8.3\msvc2022_64\lib\Qt6QuickControls2FluentWinUI3StyleImpld.prl
2026-09-08 16:35:44,200 - aqt.updater - INFO - updater 26208 Patching C:\Qt\6.8.3\msvc2022_64\lib\Qt6QuickControls2Fusion.prl
2026-09-08 16:35:44,200 - aqt.updater - INFO - updater 26208 Patching C:\Qt\6.8.3\msvc2022_64\lib\Qt6QuickControls2Fusiond.prl
2026-09-08 16:35:44,200 - aqt.updater - INFO - updater 26208 Patching C:\Qt\6.8.3\msvc2022_64\lib\Qt6QuickControls2FusionStyleImpl.prl
2026-09-08 16:35:44,201 - aqt.updater - INFO - updater 26208 Patching C:\Qt\6.8.3\msvc2022_64\lib\Qt6QuickControls2FusionStyleImpld.prl
2026-09-08 16:35:44,201 - aqt.updater - INFO - updater 26208 Patching C:\Qt\6.8.3\msvc2022_64\lib\Qt6QuickControls2Imagine.prl
2026-09-08 16:35:44,201 - aqt.updater - INFO - updater 26208 Patching C:\Qt\6.8.3\msvc2022_64\lib\Qt6QuickControls2Imagined.prl
2026-09-08 16:35:44,202 - aqt.updater - INFO - updater 26208 Patching C:\Qt\6.8.3\msvc2022_64\lib\Qt6QuickControls2ImagineStyleImpl.prl
2026-09-08 16:35:44,202 - aqt.updater - INFO - updater 26208 Patching C:\Qt\6.8.3\msvc2022_64\lib\Qt6QuickControls2ImagineStyleImpld.prl
2026-09-08 16:35:44,202 - aqt.updater - INFO - updater 26208 Patching C:\Qt\6.8.3\msvc2022_64\lib\Qt6QuickControls2Impl.prl
2026-09-08 16:35:44,203 - aqt.updater - INFO - updater 26208 Patching C:\Qt\6.8.3\msvc2022_64\lib\Qt6QuickControls2Impld.prl
2026-09-08 16:35:44,203 - aqt.updater - INFO - updater 26208 Patching C:\Qt\6.8.3\msvc2022_64\lib\Qt6QuickControls2Material.prl
2026-09-08 16:35:44,203 - aqt.updater - INFO - updater 26208 Patching C:\Qt\6.8.3\msvc2022_64\lib\Qt6QuickControls2Materiald.prl
2026-09-08 16:35:44,203 - aqt.updater - INFO - updater 26208 Patching C:\Qt\6.8.3\msvc2022_64\lib\Qt6QuickControls2MaterialStyleImpl.prl
2026-09-08 16:35:44,204 - aqt.updater - INFO - updater 26208 Patching C:\Qt\6.8.3\msvc2022_64\lib\Qt6QuickControls2MaterialStyleImpld.prl
2026-09-08 16:35:44,204 - aqt.updater - INFO - updater 26208 Patching C:\Qt\6.8.3\msvc2022_64\lib\Qt6QuickControls2Universal.prl
2026-09-08 16:35:44,204 - aqt.updater - INFO - updater 26208 Patching C:\Qt\6.8.3\msvc2022_64\lib\Qt6QuickControls2Universald.prl
2026-09-08 16:35:44,205 - aqt.updater - INFO - updater 26208 Patching C:\Qt\6.8.3\msvc2022_64\lib\Qt6QuickControls2UniversalStyleImpl.prl
2026-09-08 16:35:44,205 - aqt.updater - INFO - updater 26208 Patching C:\Qt\6.8.3\msvc2022_64\lib\Qt6QuickControls2UniversalStyleImpld.prl
2026-09-08 16:35:44,205 - aqt.updater - INFO - updater 26208 Patching C:\Qt\6.8.3\msvc2022_64\lib\Qt6QuickControls2WindowsStyleImpl.prl
2026-09-08 16:35:44,206 - aqt.updater - INFO - updater 26208 Patching C:\Qt\6.8.3\msvc2022_64\lib\Qt6QuickControls2WindowsStyleImpld.prl
2026-09-08 16:35:44,206 - aqt.updater - INFO - updater 26208 Patching C:\Qt\6.8.3\msvc2022_64\lib\Qt6QuickControlsTestUtils.prl
2026-09-08 16:35:44,206 - aqt.updater - INFO - updater 26208 Patching C:\Qt\6.8.3\msvc2022_64\lib\Qt6QuickControlsTestUtilsd.prl
2026-09-08 16:35:44,207 - aqt.updater - INFO - updater 26208 Patching C:\Qt\6.8.3\msvc2022_64\lib\Qt6Quickd.prl
2026-09-08 16:35:44,207 - aqt.updater - INFO - updater 26208 Patching C:\Qt\6.8.3\msvc2022_64\lib\Qt6QuickDialogs2.prl
2026-09-08 16:35:44,207 - aqt.updater - INFO - updater 26208 Patching C:\Qt\6.8.3\msvc2022_64\lib\Qt6QuickDialogs2d.prl
2026-09-08 16:35:44,207 - aqt.updater - INFO - updater 26208 Patching C:\Qt\6.8.3\msvc2022_64\lib\Qt6QuickDialogs2QuickImpl.prl
2026-09-08 16:35:44,208 - aqt.updater - INFO - updater 26208 Patching C:\Qt\6.8.3\msvc2022_64\lib\Qt6QuickDialogs2QuickImpld.prl
2026-09-08 16:35:44,208 - aqt.updater - INFO - updater 26208 Patching C:\Qt\6.8.3\msvc2022_64\lib\Qt6QuickDialogs2Utils.prl
2026-09-08 16:35:44,208 - aqt.updater - INFO - updater 26208 Patching C:\Qt\6.8.3\msvc2022_64\lib\Qt6QuickDialogs2Utilsd.prl
2026-09-08 16:35:44,209 - aqt.updater - INFO - updater 26208 Patching C:\Qt\6.8.3\msvc2022_64\lib\Qt6QuickEffects.prl
2026-09-08 16:35:44,209 - aqt.updater - INFO - updater 26208 Patching C:\Qt\6.8.3\msvc2022_64\lib\Qt6QuickEffectsd.prl
2026-09-08 16:35:44,209 - aqt.updater - INFO - updater 26208 Patching C:\Qt\6.8.3\msvc2022_64\lib\Qt6QuickLayouts.prl
2026-09-08 16:35:44,210 - aqt.updater - INFO - updater 26208 Patching C:\Qt\6.8.3\msvc2022_64\lib\Qt6QuickLayoutsd.prl
2026-09-08 16:35:44,210 - aqt.updater - INFO - updater 26208 Patching C:\Qt\6.8.3\msvc2022_64\lib\Qt6QuickParticles.prl
2026-09-08 16:35:44,210 - aqt.updater - INFO - updater 26208 Patching C:\Qt\6.8.3\msvc2022_64\lib\Qt6QuickParticlesd.prl
2026-09-08 16:35:44,210 - aqt.updater - INFO - updater 26208 Patching C:\Qt\6.8.3\msvc2022_64\lib\Qt6QuickShapes.prl
2026-09-08 16:35:44,211 - aqt.updater - INFO - updater 26208 Patching C:\Qt\6.8.3\msvc2022_64\lib\Qt6QuickShapesd.prl
2026-09-08 16:35:44,211 - aqt.updater - INFO - updater 26208 Patching C:\Qt\6.8.3\msvc2022_64\lib\Qt6QuickTemplates2.prl
2026-09-08 16:35:44,211 - aqt.updater - INFO - updater 26208 Patching C:\Qt\6.8.3\msvc2022_64\lib\Qt6QuickTemplates2d.prl
2026-09-08 16:35:44,212 - aqt.updater - INFO - updater 26208 Patching C:\Qt\6.8.3\msvc2022_64\lib\Qt6QuickTest.prl
2026-09-08 16:35:44,212 - aqt.updater - INFO - updater 26208 Patching C:\Qt\6.8.3\msvc2022_64\lib\Qt6QuickTestd.prl
2026-09-08 16:35:44,212 - aqt.updater - INFO - updater 26208 Patching C:\Qt\6.8.3\msvc2022_64\lib\Qt6QuickTestUtils.prl
2026-09-08 16:35:44,213 - aqt.updater - INFO - updater 26208 Patching C:\Qt\6.8.3\msvc2022_64\lib\Qt6QuickTestUtilsd.prl
2026-09-08 16:35:44,213 - aqt.updater - INFO - updater 26208 Patching C:\Qt\6.8.3\msvc2022_64\lib\Qt6QuickVectorImage.prl
2026-09-08 16:35:44,213 - aqt.updater - INFO - updater 26208 Patching C:\Qt\6.8.3\msvc2022_64\lib\Qt6QuickVectorImaged.prl
2026-09-08 16:35:44,214 - aqt.updater - INFO - updater 26208 Patching C:\Qt\6.8.3\msvc2022_64\lib\Qt6QuickVectorImageGenerator.prl
2026-09-08 16:35:44,214 - aqt.updater - INFO - updater 26208 Patching C:\Qt\6.8.3\msvc2022_64\lib\Qt6QuickVectorImageGeneratord.prl
2026-09-08 16:35:44,214 - aqt.updater - INFO - updater 26208 Patching C:\Qt\6.8.3\msvc2022_64\lib\Qt6QuickWidgets.prl
2026-09-08 16:35:44,214 - aqt.updater - INFO - updater 26208 Patching C:\Qt\6.8.3\msvc2022_64\lib\Qt6QuickWidgetsd.prl
2026-09-08 16:35:44,215 - aqt.updater - INFO - updater 26208 Patching C:\Qt\6.8.3\msvc2022_64\lib\Qt6SpatialAudio.prl
2026-09-08 16:35:44,215 - aqt.updater - INFO - updater 26208 Patching C:\Qt\6.8.3\msvc2022_64\lib\Qt6SpatialAudiod.prl
2026-09-08 16:35:44,215 - aqt.updater - INFO - updater 26208 Patching C:\Qt\6.8.3\msvc2022_64\lib\Qt6Sql.prl
2026-09-08 16:35:44,216 - aqt.updater - INFO - updater 26208 Patching C:\Qt\6.8.3\msvc2022_64\lib\Qt6Sqld.prl
2026-09-08 16:35:44,216 - aqt.updater - INFO - updater 26208 Patching C:\Qt\6.8.3\msvc2022_64\lib\Qt6Svg.prl
2026-09-08 16:35:44,216 - aqt.updater - INFO - updater 26208 Patching C:\Qt\6.8.3\msvc2022_64\lib\Qt6Svgd.prl
2026-09-08 16:35:44,217 - aqt.updater - INFO - updater 26208 Patching C:\Qt\6.8.3\msvc2022_64\lib\Qt6SvgWidgets.prl
2026-09-08 16:35:44,217 - aqt.updater - INFO - updater 26208 Patching C:\Qt\6.8.3\msvc2022_64\lib\Qt6SvgWidgetsd.prl
2026-09-08 16:35:44,217 - aqt.updater - INFO - updater 26208 Patching C:\Qt\6.8.3\msvc2022_64\lib\Qt6Test.prl
2026-09-08 16:35:44,217 - aqt.updater - INFO - updater 26208 Patching C:\Qt\6.8.3\msvc2022_64\lib\Qt6Testd.prl
2026-09-08 16:35:44,218 - aqt.updater - INFO - updater 26208 Patching C:\Qt\6.8.3\msvc2022_64\lib\Qt6UiTools.prl
2026-09-08 16:35:44,218 - aqt.updater - INFO - updater 26208 Patching C:\Qt\6.8.3\msvc2022_64\lib\Qt6UiToolsd.prl
2026-09-08 16:35:44,218 - aqt.updater - INFO - updater 26208 Patching C:\Qt\6.8.3\msvc2022_64\lib\Qt6Widgets.prl
2026-09-08 16:35:44,219 - aqt.updater - INFO - updater 26208 Patching C:\Qt\6.8.3\msvc2022_64\lib\Qt6Widgetsd.prl
2026-09-08 16:35:44,219 - aqt.updater - INFO - updater 26208 Patching C:\Qt\6.8.3\msvc2022_64\lib\Qt6Xml.prl
2026-09-08 16:35:44,219 - aqt.updater - INFO - updater 26208 Patching C:\Qt\6.8.3\msvc2022_64\lib\Qt6Xmld.prl
2026-09-08 16:35:44,220 - aqt.main - INFO - installer 26208 Finished installation
2026-09-08 16:35:44,220 - aqt.main - INFO - installer 26208 Time elapsed: 23.35753360 second
